cat: 'hello': Is a directory
cat: '.': Is a directory
cat: '/': Is a directory
