/
    home
        jas
            cs2521
                labs
                lectures
                tutes
