cd: 'hello': Not a directory
cd: 'hello/world': Not a directory
