cd: 'bin': No such file or directory
cd: 'tmp/dir123': No such file or directory
