world
---
hello
---
/
    hello.txt
    world.txt
