/
    hello.txt
    world
---
/
    hello.txt
    world
        hello.txt
---
hello
