/
    hello.txt
    world
        hello.txt
---
---
/
    hello.txt
    world
        hello.txt
---
hello
