/
    hello
        a.txt
---
/
    hello
        a.txt
    world
        a.txt
