/
    hello
        a.txt
    world
---
/
    hello
        a.txt
    world
        hello
            a.txt
