/
    abc.txt
    hello
        world.txt
---
/
    hello
        world.txt
---
/
