dl: cannot remove 'hello/world': No such file or directory
