dldir: failed to remove 'hello': Directory not empty
/
    hello
        world
