dldir: failed to remove 'hello/world': Not a directory
