dldir: failed to remove 'hello/world': No such file or directory
