ls: cannot access 'hello': No such file or directory
ls: cannot access 'tmp/world': No such file or directory
