mkdir: cannot create directory 'tmp': File exists
mkdir: cannot create directory './tmp': File exists
