mkdir: cannot create directory 'hello/world': No such file or directory
