mkdir: cannot create directory '.': File exists
mkdir: cannot create directory '..': File exists
