mkfile: cannot create file 'hello/world': No such file or directory
