mkfile: cannot create file 'tmp': File exists
mkfile: cannot create file './tmp': File exists
