mkfile: cannot create file '.': File exists
mkfile: cannot create file '..': File exists
