/
    bin
        mkdir
        mkfile
    hello.c
    world.c
