/
    hello.txt
    world.txt
---
hello
world
---
/
    world.txt
---
hello
