/
    hello
        a.txt
    world
        hello
---
/
    world
        hello
            a.txt
