put: 'hello': Is a directory
put: '.': Is a directory
put: '/': Is a directory
