tree: 'hello': No such file or directory
tree: 'tmp/world': No such file or directory
