tree: 'hello': Not a directory
tree: './hello/world': Not a directory
